// Jest Snapshot v1, https://goo.gl/fbAQLP

exports[`mermaidParser should return mermaidParser node 1`] = `
VFile {
  "cwd": "C:\\Users\\55119\\Elucidário.art\\elucidario\\packages\\pub-gen",
  "data": {},
  "history": [],
  "messages": [],
  "value": "# Hello World

## Second level heading

Lorem ipsum dolor sit amet, consectetur adipiscing elit. Sed vitae diam eget risus var \\[@linked-art2021.1].

{{count:figures;legend=\\*\\*Mermaid\\*\\*}}

\`\`\`{.mermaid&#x20;filename=mermaid&#x20;loc="C:\\\\\\Users\\\\\\55119\\\\\\Elucidário.art\\\\\\elucidario\\\\\\publications\\\\\\publicacao-teste\\\\\\files\\\\\\generated"&#x20;width=720&#x20;background=transparent}
erDiagram
        OBJETO ||--|{ CLASSIFICACAO : ""
\`\`\`

**Fonte:** Elaborado pelo autor.

### Third level heading

Lorem ipsum dolor sit amet, consectetur adipiscing elit. Sed vitae diam eget risus var. \\[@linked-art2021.1, p. 2]

#### Fourth level heading

Lorem ipsum dolor sit amet, consectetur adipiscing elit. Sed vitae diam eget risus var. \\[@linked-art2021.2]

##### Fifth level heading

Lorem ipsum dolor sit amet, consectetur adipiscing elit. Sed vitae diam eget risus var. \\[@linked-art2021.2; @linked-art2021.1]

###### Sixth level heading

Lorem ipsum dolor sit amet, consectetur adipiscing elit. Sed vitae diam eget risus var.

{{count:figures;legend=\\*\\*Lorem ipsum\\*\\*}}

![Lorem ipsum](/../../files/static/lorem-ipsum.jpeg)
",
}
`;
