// Jest Snapshot v1, https://goo.gl/fbAQLP

exports[`embedParser should return embedParser node 1`] = `
VFile {
  "cwd": "C:\\Users\\55119\\Elucid√°rio.art\\elucidario\\packages\\pub-gen",
  "data": {},
  "history": [],
  "messages": [],
  "value": "**sei la mil coisas**
",
}
`;
