// Jest Snapshot v1, https://goo.gl/fbAQLP

exports[`pubGenProcessor should return processed value 1`] = `
"# Hello World

## Second level heading

Lorem ipsum dolor sit amet, consectetur adipiscing elit. Sed vitae diam eget risus var (Linked Art, 2021a).

**undefined 1: Mermaid**

\`\`\`{.mermaid filename=mermaid loc="C:\\\\Users\\\\55119\\\\Elucidário.art\\\\elucidario\\\\publications\\\\publicacao-teste\\\\files\\\\generated" width=720 background=transparent}
erDiagram
        OBJETO ||--|{ CLASSIFICACAO : ""
\`\`\`

**Fonte:** Elaborado pelo autor, com base em [@caro-castro2011]

### Third level heading

Lorem ipsum dolor sit amet, consectetur adipiscing elit. Sed vitae diam eget risus var. (Linked Art, 2021a)

#### Fourth level heading

Lorem ipsum dolor sit amet, consectetur adipiscing elit. Sed vitae diam eget risus var. (Linked Art, 2021b)

##### Fifth level heading

Lorem ipsum dolor sit amet, consectetur adipiscing elit. Sed vitae diam eget risus var. (Linked Art, 2021a, 2021b)

###### Sixth level heading

Lorem ipsum dolor sit amet, consectetur adipiscing elit. Sed vitae diam eget risus var.

**undefined 2: Lorem ipsum**

![Lorem ipsum](C:\\Users\\55119\\Elucidário.art\\elucidario\\publications\\publicacao-teste\\files\\static\\lorem-ipsum.jpeg)
"
`;
