{
    "content": {
        "internal": {
            "body": [
                {
                    "file": {
                        "name": "hello-world",
                        "path": "C:\\Users\\55119\\Elucidário.art\\elucidario\\publications\\publicacao-teste\\content\\pt-BR\\internal\\body\\hello-world.md",
                        "ext": "md",
                        "value": "# Hello World\r\n\r\n## Second level heading\r\n\r\nLorem ipsum dolor sit amet, consectetur adipiscing elit. Sed vitae diam eget risus var [@linked-art2021.1].\r\n\r\n{{mermaid:internal/body/mermaid.md}}\r\n\r\n### Third level heading\r\n\r\nLorem ipsum dolor sit amet, consectetur adipiscing elit. Sed vitae diam eget risus var. [@linked-art2021.1, p. 2]\r\n\r\n#### Fourth level heading\r\n\r\nLorem ipsum dolor sit amet, consectetur adipiscing elit. Sed vitae diam eget risus var. [@linked-art2021.2]\r\n\r\n##### Fifth level heading\r\n\r\nLorem ipsum dolor sit amet, consectetur adipiscing elit. Sed vitae diam eget risus var. [@linked-art2021.2; @linked-art2021.1]\r\n\r\n###### Sixth level heading\r\n\r\nLorem ipsum dolor sit amet, consectetur adipiscing elit. Sed vitae diam eget risus var.\r\n\r\n{{count:figuras;legend=\\*\\*Lorem ipsum\\*\\*}}\r\n\r\n![Lorem ipsum](/../../files/static/lorem-ipsum.jpeg)\r\n",
                        "size": 861
                    },
                    "processed": {
                        "data": {},
                        "messages": [],
                        "history": [],
                        "cwd": "C:\\Users\\55119\\Elucidário.art\\elucidario\\packages\\pub-gen",
                        "value": "# Hello World\n\n## Second level heading\n\nLorem ipsum dolor sit amet, consectetur adipiscing elit. Sed vitae diam eget risus var (LINKED ART, 2021a).\n\n**Figura 3: Mermaid**\n\n```{.mermaid&#x20;filename=mermaid&#x20;loc=\"C:\\\\\\Users\\\\\\55119\\\\\\Elucidário.art\\\\\\elucidario\\\\\\publications\\\\\\publicacao-teste\\\\\\files\\\\\\generated\"&#x20;width=720&#x20;background=transparent}\nerDiagram\r\n        OBJETO ||--|{ CLASSIFICACAO : \"\"\n```\n\n**Fonte:** Elaborado pelo autor.\n\n### Third level heading\n\nLorem ipsum dolor sit amet, consectetur adipiscing elit. Sed vitae diam eget risus var. (LINKED ART, 2021a)\n\n#### Fourth level heading\n\nLorem ipsum dolor sit amet, consectetur adipiscing elit. Sed vitae diam eget risus var. (LINKED ART, 2021b)\n\n##### Fifth level heading\n\nLorem ipsum dolor sit amet, consectetur adipiscing elit. Sed vitae diam eget risus var. (LINKED ART, 2021a, 2021b)\n\n###### Sixth level heading\n\nLorem ipsum dolor sit amet, consectetur adipiscing elit. Sed vitae diam eget risus var.\n\n**Figura 4: Lorem ipsum**\n\n![Lorem ipsum](/../../files/static/lorem-ipsum.jpeg)\n"
                    },
                    "path": "C:\\Users\\55119\\Elucidário.art\\elucidario\\publications\\publicacao-teste\\dist\\pt-BR\\internal\\body\\hello-world.md"
                },
                {
                    "file": {
                        "name": "first-level",
                        "path": "C:\\Users\\55119\\Elucidário.art\\elucidario\\publications\\publicacao-teste\\content\\pt-BR\\internal\\body\\really\\first-level.md",
                        "ext": "md",
                        "value": "# First level\r\n\r\n{{table:internal/body/really/table.json}}\r\n",
                        "size": 60
                    },
                    "processed": {
                        "data": {},
                        "messages": [],
                        "history": [],
                        "cwd": "C:\\Users\\55119\\Elucidário.art\\elucidario\\packages\\pub-gen",
                        "value": "# First level\n\nQuadro 3: Teste Tabela.\n\n| Name       | ID |\n| :--------- | -- |\n| John Doe   | 1  |\n| John Smith | 3  |\n\nFonte: Elaborado pelo autor.\n"
                    },
                    "path": "C:\\Users\\55119\\Elucidário.art\\elucidario\\publications\\publicacao-teste\\dist\\pt-BR\\internal\\body\\really\\first-level.md"
                },
                {
                    "file": {
                        "name": "second-level",
                        "path": "C:\\Users\\55119\\Elucidário.art\\elucidario\\publications\\publicacao-teste\\content\\pt-BR\\internal\\body\\really\\deep\\second-level.md",
                        "ext": "md",
                        "value": "## Second level\r\n",
                        "size": 17
                    },
                    "processed": {
                        "data": {},
                        "messages": [],
                        "history": [],
                        "cwd": "C:\\Users\\55119\\Elucidário.art\\elucidario\\packages\\pub-gen",
                        "value": "## Second level\n"
                    },
                    "path": "C:\\Users\\55119\\Elucidário.art\\elucidario\\publications\\publicacao-teste\\dist\\pt-BR\\internal\\body\\really\\deep\\second-level.md"
                },
                {
                    "file": {
                        "name": "third-level",
                        "path": "C:\\Users\\55119\\Elucidário.art\\elucidario\\publications\\publicacao-teste\\content\\pt-BR\\internal\\body\\really\\deep\\nested\\third-level.md",
                        "ext": "md",
                        "value": "### Third level\r\n",
                        "size": 17
                    },
                    "processed": {
                        "data": {},
                        "messages": [],
                        "history": [],
                        "cwd": "C:\\Users\\55119\\Elucidário.art\\elucidario\\packages\\pub-gen",
                        "value": "### Third level\n"
                    },
                    "path": "C:\\Users\\55119\\Elucidário.art\\elucidario\\publications\\publicacao-teste\\dist\\pt-BR\\internal\\body\\really\\deep\\nested\\third-level.md"
                },
                {
                    "file": {
                        "name": "file",
                        "path": "C:\\Users\\55119\\Elucidário.art\\elucidario\\publications\\publicacao-teste\\content\\pt-BR\\internal\\body\\really\\deep\\nested\\file\\file.md",
                        "ext": "md",
                        "value": "rock bottom.\r\n",
                        "size": 14
                    },
                    "processed": {
                        "data": {},
                        "messages": [],
                        "history": [],
                        "cwd": "C:\\Users\\55119\\Elucidário.art\\elucidario\\packages\\pub-gen",
                        "value": "rock bottom.\n"
                    },
                    "path": "C:\\Users\\55119\\Elucidário.art\\elucidario\\publications\\publicacao-teste\\dist\\pt-BR\\internal\\body\\really\\deep\\nested\\file\\file.md"
                }
            ],
            "pre": [
                {
                    "file": {
                        "name": "folha-rosto",
                        "path": "C:\\Users\\55119\\Elucidário.art\\elucidario\\publications\\publicacao-teste\\content\\pt-BR\\internal\\pre\\folha-rosto.md",
                        "ext": "md",
                        "value": "",
                        "size": 0
                    },
                    "processed": {
                        "name": "folha-rosto",
                        "path": "C:\\Users\\55119\\Elucidário.art\\elucidario\\publications\\publicacao-teste\\dist\\pt-BR\\internal\\pre\\folha-rosto.md",
                        "ext": "md",
                        "value": "",
                        "size": 0
                    },
                    "path": "C:\\Users\\55119\\Elucidário.art\\elucidario\\publications\\publicacao-teste\\dist\\pt-BR\\internal\\pre\\folha-rosto.md"
                },
                {
                    "file": {
                        "name": "ficha-catalografica",
                        "path": "C:\\Users\\55119\\Elucidário.art\\elucidario\\publications\\publicacao-teste\\content\\pt-BR\\internal\\pre\\ficha-catalografica.md",
                        "ext": "md",
                        "value": "",
                        "size": 0
                    },
                    "processed": {
                        "name": "ficha-catalografica",
                        "path": "C:\\Users\\55119\\Elucidário.art\\elucidario\\publications\\publicacao-teste\\dist\\pt-BR\\internal\\pre\\ficha-catalografica.md",
                        "ext": "md",
                        "value": "",
                        "size": 0
                    },
                    "path": "C:\\Users\\55119\\Elucidário.art\\elucidario\\publications\\publicacao-teste\\dist\\pt-BR\\internal\\pre\\ficha-catalografica.md"
                },
                {
                    "file": {
                        "name": "folha-avaliacao",
                        "path": "C:\\Users\\55119\\Elucidário.art\\elucidario\\publications\\publicacao-teste\\content\\pt-BR\\internal\\pre\\folha-avaliacao.md",
                        "ext": "md",
                        "value": "",
                        "size": 0
                    },
                    "processed": {
                        "name": "folha-avaliacao",
                        "path": "C:\\Users\\55119\\Elucidário.art\\elucidario\\publications\\publicacao-teste\\dist\\pt-BR\\internal\\pre\\folha-avaliacao.md",
                        "ext": "md",
                        "value": "",
                        "size": 0
                    },
                    "path": "C:\\Users\\55119\\Elucidário.art\\elucidario\\publications\\publicacao-teste\\dist\\pt-BR\\internal\\pre\\folha-avaliacao.md"
                },
                {
                    "file": {
                        "name": "resumo-lingua-vernacula",
                        "path": "C:\\Users\\55119\\Elucidário.art\\elucidario\\publications\\publicacao-teste\\content\\pt-BR\\internal\\pre\\resumo-lingua-vernacula.md",
                        "ext": "md",
                        "value": "",
                        "size": 0
                    },
                    "processed": {
                        "name": "resumo-lingua-vernacula",
                        "path": "C:\\Users\\55119\\Elucidário.art\\elucidario\\publications\\publicacao-teste\\dist\\pt-BR\\internal\\pre\\resumo-lingua-vernacula.md",
                        "ext": "md",
                        "value": "",
                        "size": 0
                    },
                    "path": "C:\\Users\\55119\\Elucidário.art\\elucidario\\publications\\publicacao-teste\\dist\\pt-BR\\internal\\pre\\resumo-lingua-vernacula.md"
                },
                {
                    "file": {
                        "name": "resumo-lingua-estrangeira",
                        "path": "C:\\Users\\55119\\Elucidário.art\\elucidario\\publications\\publicacao-teste\\content\\pt-BR\\internal\\pre\\resumo-lingua-estrangeira.md",
                        "ext": "md",
                        "value": "",
                        "size": 0
                    },
                    "processed": {
                        "name": "resumo-lingua-estrangeira",
                        "path": "C:\\Users\\55119\\Elucidário.art\\elucidario\\publications\\publicacao-teste\\dist\\pt-BR\\internal\\pre\\resumo-lingua-estrangeira.md",
                        "ext": "md",
                        "value": "",
                        "size": 0
                    },
                    "path": "C:\\Users\\55119\\Elucidário.art\\elucidario\\publications\\publicacao-teste\\dist\\pt-BR\\internal\\pre\\resumo-lingua-estrangeira.md"
                },
                {
                    "file": null,
                    "processed": {
                        "name": "lista-imagens",
                        "path": "C:\\Users\\55119\\Elucidário.art\\elucidario\\publications\\publicacao-teste\\dist\\pt-BR\\internal\\pre\\lista-imagens.md",
                        "ext": "md",
                        "value": "# LISTA DE IMAGENS\n\n|  |  |  |\n| --- | --- | --- |\n| 1 | imagem-1 |  |\n| 2 | imagem-2 |  |"
                    },
                    "path": "C:\\Users\\55119\\Elucidário.art\\elucidario\\publications\\publicacao-teste\\dist\\pt-BR\\internal\\pre\\lista-imagens.md"
                },
                {
                    "file": null,
                    "processed": {
                        "name": "lista-figuras",
                        "path": "C:\\Users\\55119\\Elucidário.art\\elucidario\\publications\\publicacao-teste\\dist\\pt-BR\\internal\\pre\\lista-figuras.md",
                        "ext": "md",
                        "value": "# LISTA DE FIGURAS\n\n|  |  |  |\n| --- | --- | --- |\n| 1 | figura-1 |  |\n| 2 | figura-2 |  |\n| 3 | **Mermaid** |  |\n| 4 | **Lorem ipsum** |  |"
                    },
                    "path": "C:\\Users\\55119\\Elucidário.art\\elucidario\\publications\\publicacao-teste\\dist\\pt-BR\\internal\\pre\\lista-figuras.md"
                },
                {
                    "file": null,
                    "processed": {
                        "name": "lista-tabelas",
                        "path": "C:\\Users\\55119\\Elucidário.art\\elucidario\\publications\\publicacao-teste\\dist\\pt-BR\\internal\\pre\\lista-tabelas.md",
                        "ext": "md",
                        "value": "# LISTA DE TABELAS\n\n|  |  |  |\n| --- | --- | --- |\n| 1 | tabela-1 |  |\n| 2 | tabela-2 |  |"
                    },
                    "path": "C:\\Users\\55119\\Elucidário.art\\elucidario\\publications\\publicacao-teste\\dist\\pt-BR\\internal\\pre\\lista-tabelas.md"
                },
                {
                    "file": null,
                    "processed": {
                        "name": "lista-quadros",
                        "path": "C:\\Users\\55119\\Elucidário.art\\elucidario\\publications\\publicacao-teste\\dist\\pt-BR\\internal\\pre\\lista-quadros.md",
                        "ext": "md",
                        "value": "# LISTA DE QUADROS\n\n|  |  |  |\n| --- | --- | --- |\n| 1 | grafico-1 |  |\n| 2 | grafico-2 |  |\n| 3 | Teste Tabela. |  |"
                    },
                    "path": "C:\\Users\\55119\\Elucidário.art\\elucidario\\publications\\publicacao-teste\\dist\\pt-BR\\internal\\pre\\lista-quadros.md"
                },
                {
                    "file": null,
                    "processed": {
                        "name": "lista-abreviaturas-siglas",
                        "path": "C:\\Users\\55119\\Elucidário.art\\elucidario\\publications\\publicacao-teste\\dist\\pt-BR\\internal\\pre\\lista-abreviaturas-siglas.md",
                        "ext": "md",
                        "value": "# LISTA DE ABREVIATURAS E SIGLAS\n\n|  |  |  |\n| --- | --- | --- |\n| 1 | ABNT - Associação Brasileira de Normas Técnicas; |  |\n| 2 | APA - American Psychological Association; |  |"
                    },
                    "path": "C:\\Users\\55119\\Elucidário.art\\elucidario\\publications\\publicacao-teste\\dist\\pt-BR\\internal\\pre\\lista-abreviaturas-siglas.md"
                }
            ],
            "pos": [
                {
                    "file": null,
                    "processed": {
                        "name": "referencias",
                        "path": "C:\\Users\\55119\\Elucidário.art\\elucidario\\publications\\publicacao-teste\\dist\\pt-BR\\internal\\pos\\referencias.md",
                        "ext": "md",
                        "value": "# Bibliografia\n\nLINKED ART. **Linked Art**. 2021a. Disponível em: https://linked.art/. Acesso em: 20 maio. 2023\\. \n\nLINKED ART. **Community - Linked Art**. 2021b. Disponível em: https://linked.art/community/. Acesso em: 20 maio. 2023\\."
                    },
                    "path": "C:\\Users\\55119\\Elucidário.art\\elucidario\\publications\\publicacao-teste\\dist\\pt-BR\\internal\\pos\\referencias.md"
                }
            ]
        },
        "external": {}
    },
    "assets": {
        "static": [
            {
                "name": "lorem-ipsum",
                "path": "C:\\Users\\55119\\Elucidário.art\\elucidario\\publications\\publicacao-teste\\files\\static\\lorem-ipsum.jpeg",
                "ext": "jpeg",
                "value": "",
                "size": 316922
            }
        ]
    }
}
