{
    "name": "referencias",
    "path": "C:\\Users\\55119\\Elucidário.art\\elucidario\\publications\\publicacao-teste\\dist\\pt-BR\\internal\\pos\\referencias.md",
    "ext": "md",
    "value": "# Bibliografia\n\nCARO-CASTRO, Carmem. Vocabularios estructurados, Web Semántica y Linked Data: oportunidades y retos para los profesionales de la documentación. **II Seminário de Estudos da Informação: Arquivologia, Biblioteconomia e Ciência de Informação: Identidades, Contrastes e Perspectivas de Interlocução**, Niterói, 2011\\. \n\nLINKED ART. **Linked Art**. 2021a. Disponível em: https://linked.art/. Acesso em: 20 maio. 2023\\. \n\nLINKED ART. **Community - Linked Art**. 2021b. Disponível em: https://linked.art/community/. Acesso em: 20 maio. 2023\\."
}